[backblue.gif]
[fade.gif]
[index.html]
[localhost_8000/static/assets/img/logo/loder.png]
[localhost_8000/static/assets/img/logo/logo.png]
[localhost_8000/static/assets/img/hero/index.jpg]
[localhost_8000/static/assets/img/icon/video_btn.13.delayed]
[localhost_8000/static/assets/img/legal/photo-1576568699714-a3f4950805d5.jpg]
[localhost_8000/static/assets/img/legal/photo-1589391886645-d51941baf7fb.jpg]
[localhost_8000/static/assets/img/legal/photo-1589216532372-1c2a367900d9.jpg]
[localhost_8000/static/assets/img/about/about-low-back.png]
[localhost_8000/static/assets/img/about/about-low-back.jpg]
[localhost_8000/static/assets/img/about/contact_bg.jpg]
[localhost_8000/static/assets/js/vendor/modernizr-3.5.0.min.js]
[localhost_8000/static/assets/js/vendor/jquery-1.12.4.min.js]
[localhost_8000/static/assets/js/popper.min.js]
[localhost_8000/static/assets/js/bootstrap.min.js]
[localhost_8000/static/assets/js/jquery.slicknav.min.js]
[localhost_8000/static/assets/js/owl.carousel.min.js]
[localhost_8000/static/assets/js/slick.min.js]
[localhost_8000/static/assets/js/wow.min.js]
[localhost_8000/static/assets/js/animated.headline.js]
[localhost_8000/static/assets/js/jquery.magnific-popup.js]
[localhost_8000/static/assets/js/jquery.scrollUp.min.js]
[localhost_8000/static/assets/js/jquery.nice-select.min.js]
[localhost_8000/static/assets/js/jquery.sticky.js]
[localhost_8000/static/assets/js/jquery.counterup.min.js]
[localhost_8000/static/assets/js/contact.js]
[localhost_8000/static/assets/js/jquery.form.js]
[localhost_8000/static/assets/js/jquery.validate.min.js]
[localhost_8000/static/assets/js/mail-script.js]
[localhost_8000/static/assets/js/jquery.ajaxchimp.min.js]
[localhost_8000/static/assets/js/plugins.js]
[localhost_8000/index.html]
[localhost_8000/static/assets/js/main.js]
[localhost_8000/static/css/nyagaks.css]
[localhost_8000/site.html]
[localhost_8000/{% static 'assets/img/logo.html]
[localhost_8000/static/assets/css/bootstrap.min.css]
[localhost_8000/static/assets/css/owl.carousel.min.css]
[localhost_8000/static/assets/css/slicknav.css]
[localhost_8000/static/assets/css/animate.min.css]
[localhost_8000/static/assets/css/magnific-popup.css]
[localhost_8000/static/assets/fonts/fa-brands-400.eot]
[localhost_8000/static/assets/fonts/fa-brands-400.32.delayed]
[localhost_8000/static/assets/fonts/fa-brands-400d41d.eot]
[localhost_8000/static/assets/fonts/fa-brands-400.woff]
[localhost_8000/static/assets/fonts/fa-brands-400.ttf]
[localhost_8000/static/assets/fonts/fa-regular-400.eot]
[localhost_8000/static/assets/fonts/fa-regular-400d41d.eot]
[localhost_8000/static/assets/fonts/fa-regular-400.woff2]
[localhost_8000/static/assets/fonts/fa-regular-400.woff]
[localhost_8000/static/assets/fonts/fa-regular-400.ttf]
[localhost_8000/static/assets/fonts/fa-solid-900.eot]
[localhost_8000/static/assets/fonts/fa-solid-900d41d.eot]
[localhost_8000/static/assets/fonts/fa-solid-900.woff2]
[localhost_8000/static/assets/fonts/fa-solid-900.woff]
[localhost_8000/static/assets/fonts/fa-solid-900.ttf]
[localhost_8000/static/assets/css/fontawesome-all.min.css]
[localhost_8000/static/assets/fonts/themify9f24.eot]
[localhost_8000/static/assets/fonts/themifyd41d.eot]
[localhost_8000/static/assets/fonts/themify9f24.woff]
[localhost_8000/static/assets/fonts/themify9f24.ttf]
[localhost_8000/static/assets/css/themify-icons.css]
[localhost_8000/static/assets/fonts/Flaticond41d.eot]
[localhost_8000/static/assets/fonts/Flaticon.woff2]
[localhost_8000/static/assets/fonts/Flaticon.woff]
[localhost_8000/static/assets/fonts/Flaticon.ttf]
[localhost_8000/static/assets/css/flaticon.css]
[localhost_8000/static/assets/css/slick.css]
[localhost_8000/static/assets/css/nice-select.css]
[localhost_8000/static/assets/img/elements/primary-check.png]
[localhost_8000/static/assets/img/elements/success-check.png]
[localhost_8000/static/assets/img/elements/disabled-check.png]
[localhost_8000/static/assets/img/elements/primary-radio.png]
[localhost_8000/static/assets/img/elements/success-radio.png]
[localhost_8000/static/assets/img/elements/disabled-radio.png]
[localhost_8000/static/assets/css/style.css]
[localhost_8000/static/assets/img/hero/h1_hero.jpg]
[localhost_8000/media/images/pp.width-370.jpg]
[localhost_8000/about-page/index.html]
[localhost_8000/media/images/d0be62cd-7490-4851-9d92-8b21cdc2a56b.width-370.jpg]
[localhost_8000/static/assets/img/hero/services.jpg]
[localhost_8000/static/assets/img/legal/legal_1.jpg]
[localhost_8000/static/assets/img/legal/legal_2.jpeg]
[localhost_8000/services/index.html]
[localhost_8000/static/js/nyagaks.js]
[localhost_8000/static/assets/css/owl.video.play.html]
[localhost_8000/static/assets/fonts/fa-brands-400.svg]
[localhost_8000/static/assets/fonts/fa-regular-400.svg]
[localhost_8000/static/assets/fonts/fa-solid-900.svg]
[localhost_8000/static/assets/fonts/themify9f24.svg]
[localhost_8000/static/assets/css/fonts/Flaticon.html]
[localhost_8000/static/assets/fonts/Flaticon.svg]
[localhost_8000/static/assets/img/slider/slider-img-1.html]
[localhost_8000/static/assets/img/background-img/bg-img-2.html]
[localhost_8000/static/assets/img/background-img/bg-img-3.html]
[localhost_8000/static/assets/img/banner/bradcam.html]
[localhost_8000/static/assets/img/banner/bradcam2.html]
[localhost_8000/static/assets/img/banner/bradcam3.html]
[localhost_8000/about-page/site.html]
[localhost_8000/about-page/{% static 'assets/img/logo.html]
[localhost_8000/services/site.html]
[localhost_8000/services/{% static 'assets/img/logo.html]
[localhost_8000/static/assets/img/legal/legal_3.png]
